------------------------------------------------------------
Timing Analyzer Summary
------------------------------------------------------------

Type  : Slow 1100mV 85C Model Setup 'clk'
Slack : -1.572
TNS   : -26.611

Type  : Slow 1100mV 85C Model Setup 'switch'
Slack : -0.627
TNS   : -0.627

Type  : Slow 1100mV 85C Model Hold 'switch'
Slack : 0.046
TNS   : 0.000

Type  : Slow 1100mV 85C Model Hold 'clk'
Slack : 0.374
TNS   : 0.000

Type  : Slow 1100mV 85C Model Minimum Pulse Width 'switch'
Slack : -0.404
TNS   : -0.798

Type  : Slow 1100mV 85C Model Minimum Pulse Width 'clk'
Slack : -0.394
TNS   : -8.893

Type  : Slow 1100mV 0C Model Setup 'clk'
Slack : -1.567
TNS   : -26.242

Type  : Slow 1100mV 0C Model Setup 'switch'
Slack : -0.589
TNS   : -0.589

Type  : Slow 1100mV 0C Model Hold 'switch'
Slack : 0.031
TNS   : 0.000

Type  : Slow 1100mV 0C Model Hold 'clk'
Slack : 0.092
TNS   : 0.000

Type  : Slow 1100mV 0C Model Minimum Pulse Width 'clk'
Slack : -0.394
TNS   : -9.690

Type  : Slow 1100mV 0C Model Minimum Pulse Width 'switch'
Slack : -0.394
TNS   : -0.786

Type  : Fast 1100mV 85C Model Setup 'clk'
Slack : -0.785
TNS   : -7.161

Type  : Fast 1100mV 85C Model Setup 'switch'
Slack : -0.089
TNS   : -0.089

Type  : Fast 1100mV 85C Model Hold 'switch'
Slack : -0.020
TNS   : -0.020

Type  : Fast 1100mV 85C Model Hold 'clk'
Slack : 0.188
TNS   : 0.000

Type  : Fast 1100mV 85C Model Minimum Pulse Width 'switch'
Slack : -0.383
TNS   : -0.415

Type  : Fast 1100mV 85C Model Minimum Pulse Width 'clk'
Slack : -0.079
TNS   : -1.330

Type  : Fast 1100mV 0C Model Setup 'clk'
Slack : -0.564
TNS   : -5.468

Type  : Fast 1100mV 0C Model Setup 'switch'
Slack : -0.045
TNS   : -0.045

Type  : Fast 1100mV 0C Model Hold 'switch'
Slack : -0.039
TNS   : -0.039

Type  : Fast 1100mV 0C Model Hold 'clk'
Slack : 0.049
TNS   : 0.000

Type  : Fast 1100mV 0C Model Minimum Pulse Width 'switch'
Slack : -0.370
TNS   : -0.399

Type  : Fast 1100mV 0C Model Minimum Pulse Width 'clk'
Slack : -0.080
TNS   : -1.340

------------------------------------------------------------
